Command line invocation:
    /Applications/Xcode_26.6.app/Contents/Developer/usr/bin/xcodebuild -project TPMSinoiOS.xcodeproj -scheme TPMSinoiOS -configuration Debug -sdk iphonesimulator -destination id=5FEB61C5-E3F5-471D-AE23-8A07438D5E92 -derivedDataPath build CODE_SIGNING_ALLOWED=NO CODE_SIGNING_REQUIRED=NO CODE_SIGN_IDENTITY= clean build

Build settings from command line:
    CODE_SIGN_IDENTITY = 
    CODE_SIGNING_ALLOWED = NO
    CODE_SIGNING_REQUIRED = NO
    SDKROOT = iphonesimulator26.5

2026-09-29 03:51:59.876 xcodebuild[8590:29041] [MT] IDERunDestination: Supported platforms for the buildables in the current scheme is empty.
--- xcodebuild: WARNING: Using the first of multiple matching destinations:
{ platform:iOS Simulator, arch:arm64, id:5FEB61C5-E3F5-471D-AE23-8A07438D5E92, OS:26.2, name:iPhone 17 Pro }
{ platform:iOS Simulator, arch:x86_64, id:5FEB61C5-E3F5-471D-AE23-8A07438D5E92, OS:26.2, name:iPhone 17 Pro }
note: Using codesigning identity override: 
CreateBuildRequest

SendProjectDescription

CreateBuildOperation

** CLEAN SUCCEEDED **

--- xcodebuild: WARNING: Using the first of multiple matching destinations:
{ platform:iOS Simulator, arch:arm64, id:5FEB61C5-E3F5-471D-AE23-8A07438D5E92, OS:26.2, name:iPhone 17 Pro }
{ platform:iOS Simulator, arch:x86_64, id:5FEB61C5-E3F5-471D-AE23-8A07438D5E92, OS:26.2, name:iPhone 17 Pro }
note: Using codesigning identity override: 
ComputePackagePrebuildTargetDependencyGraph

Prepare packages

CreateBuildRequest

SendProjectDescription

CreateBuildOperation

ComputeTargetDependencyGraph
note: Building targets in dependency order
note: Target dependency graph (1 target)
    Target 'TPMSinoiOS' in project 'TPMSinoiOS' (no dependencies)

GatherProvisioningInputs

CreateBuildDescription

ExecuteExternalTool /Applications/Xcode_26.6.app/Contents/Developer/Toolchains/XcodeDefault.xctoolchain/usr/bin/clang -v -E -dM -isysroot /Applications/Xcode_26.6.app/Contents/Developer/Platforms/iPhoneSimulator.platform/Developer/SDKs/iPhoneSimulator26.5.sdk -x c -c /dev/null

ExecuteExternalTool /Applications/Xcode_26.6.app/Contents/Developer/usr/bin/actool --print-asset-tag-combinations --output-format xml1 /Users/runner/work/TPMSinoiOS/TPMSinoiOS/TPMSinoiOS/Assets.xcassets

ExecuteExternalTool /Applications/Xcode_26.6.app/Contents/Developer/usr/bin/actool --version --output-format xml1

ExecuteExternalTool /Applications/Xcode_26.6.app/Contents/Developer/Toolchains/XcodeDefault.xctoolchain/usr/bin/swiftc --version

ExecuteExternalTool /Applications/Xcode_26.6.app/Contents/Developer/Toolchains/XcodeDefault.xctoolchain/usr/bin/ld -version_details

Build description signature: d699252976911123b8bc107dce979252
Build description path: /Users/runner/work/TPMSinoiOS/TPMSinoiOS/build/Build/Intermediates.noindex/XCBuildData/d699252976911123b8bc107dce979252.xcbuilddata
CreateBuildDirectory /Users/runner/work/TPMSinoiOS/TPMSinoiOS/build/Build/Products
    cd /Users/runner/work/TPMSinoiOS/TPMSinoiOS/TPMSinoiOS.xcodeproj
    builtin-create-build-directory /Users/runner/work/TPMSinoiOS/TPMSinoiOS/build/Build/Products

CreateBuildDirectory /Users/runner/work/TPMSinoiOS/TPMSinoiOS/build/Build/Intermediates.noindex
    cd /Users/runner/work/TPMSinoiOS/TPMSinoiOS/TPMSinoiOS.xcodeproj
    builtin-create-build-directory /Users/runner/work/TPMSinoiOS/TPMSinoiOS/build/Build/Intermediates.noindex

ClangStatCache /Applications/Xcode_26.6.app/Contents/Developer/Toolchains/XcodeDefault.xctoolchain/usr/bin/clang-stat-cache /Applications/Xcode_26.6.app/Contents/Developer/Platforms/iPhoneSimulator.platform/Developer/SDKs/iPhoneSimulator26.5.sdk /Users/runner/work/TPMSinoiOS/TPMSinoiOS/build/SDKStatCaches.noindex/iphonesimulator26.5-23F81a-688ef53f1462e2c8f657fdc38a81448ff45c64a1807a658693f2a61704f17a36.sdkstatcache
    cd /Users/runner/work/TPMSinoiOS/TPMSinoiOS/TPMSinoiOS.xcodeproj
    /Applications/Xcode_26.6.app/Contents/Developer/Toolchains/XcodeDefault.xctoolchain/usr/bin/clang-stat-cache /Applications/Xcode_26.6.app/Contents/Developer/Platforms/iPhoneSimulator.platform/Developer/SDKs/iPhoneSimulator26.5.sdk -o /Users/runner/work/TPMSinoiOS/TPMSinoiOS/build/SDKStatCaches.noindex/iphonesimulator26.5-23F81a-688ef53f1462e2c8f657fdc38a81448ff45c64a1807a658693f2a61704f17a36.sdkstatcache

CreateBuildDirectory /Users/runner/work/TPMSinoiOS/TPMSinoiOS/build/Build/Products/Debug-iphonesimulator
    cd /Users/runner/work/TPMSinoiOS/TPMSinoiOS/TPMSinoiOS.xcodeproj
    builtin-create-build-directory /Users/runner/work/TPMSinoiOS/TPMSinoiOS/build/Build/Products/Debug-iphonesimulator

CreateBuildDirectory /Users/runner/work/TPMSinoiOS/TPMSinoiOS/build/Build/Intermediates.noindex/SwiftExplicitPrecompiledModules
    cd /Users/runner/work/TPMSinoiOS/TPMSinoiOS/TPMSinoiOS.xcodeproj
    builtin-create-build-directory /Users/runner/work/TPMSinoiOS/TPMSinoiOS/build/Build/Intermediates.noindex/SwiftExplicitPrecompiledModules

CreateBuildDirectory /Users/runner/work/TPMSinoiOS/TPMSinoiOS/build/Build/Intermediates.noindex/ExplicitPrecompiledModules
    cd /Users/runner/work/TPMSinoiOS/TPMSinoiOS/TPMSinoiOS.xcodeproj
    builtin-create-build-directory /Users/runner/work/TPMSinoiOS/TPMSinoiOS/build/Build/Intermediates.noindex/ExplicitPrecompiledModules

WriteAuxiliaryFile /Users/runner/work/TPMSinoiOS/TPMSinoiOS/build/Build/Intermediates.noindex/TPMSinoiOS.build/Debug-iphonesimulator/TPMSinoiOS-f230bac92857f9602ab3bf3ac0761d52-VFS-iphonesimulator/all-product-headers.yaml
    cd /Users/runner/work/TPMSinoiOS/TPMSinoiOS/TPMSinoiOS.xcodeproj
    write-file /Users/runner/work/TPMSinoiOS/TPMSinoiOS/build/Build/Intermediates.noindex/TPMSinoiOS.build/Debug-iphonesimulator/TPMSinoiOS-f230bac92857f9602ab3bf3ac0761d52-VFS-iphonesimulator/all-product-headers.yaml

CreateBuildDirectory /Users/runner/work/TPMSinoiOS/TPMSinoiOS/build/Build/Intermediates.noindex/EagerLinkingTBDs/Debug-iphonesimulator
    cd /Users/runner/work/TPMSinoiOS/TPMSinoiOS/TPMSinoiOS.xcodeproj
    builtin-create-build-directory /Users/runner/work/TPMSinoiOS/TPMSinoiOS/build/Build/Intermediates.noindex/EagerLinkingTBDs/Debug-iphonesimulator

WriteAuxiliaryFile /Users/runner/work/TPMSinoiOS/TPMSinoiOS/build/Build/Intermediates.noindex/TPMSinoiOS.build/Debug-iphonesimulator/TPMSinoiOS.build/TPMSinoiOS.hmap (in target 'TPMSinoiOS' from project 'TPMSinoiOS')
    cd /Users/runner/work/TPMSinoiOS/TPMSinoiOS
    write-file /Users/runner/work/TPMSinoiOS/TPMSinoiOS/build/Build/Intermediates.noindex/TPMSinoiOS.build/Debug-iphonesimulator/TPMSinoiOS.build/TPMSinoiOS.hmap

WriteAuxiliaryFile /Users/runner/work/TPMSinoiOS/TPMSinoiOS/build/Build/Intermediates.noindex/TPMSinoiOS.build/Debug-iphonesimulator/TPMSinoiOS.build/TPMSinoiOS.DependencyMetadataFileList (in target 'TPMSinoiOS' from project 'TPMSinoiOS')
    cd /Users/runner/work/TPMSinoiOS/TPMSinoiOS
    write-file /Users/runner/work/TPMSinoiOS/TPMSinoiOS/build/Build/Intermediates.noindex/TPMSinoiOS.build/Debug-iphonesimulator/TPMSinoiOS.build/TPMSinoiOS.DependencyMetadataFileList

WriteAuxiliaryFile /Users/runner/work/TPMSinoiOS/TPMSinoiOS/build/Build/Intermediates.noindex/TPMSinoiOS.build/Debug-iphonesimulator/TPMSinoiOS.build/TPMSinoiOS.DependencyStaticMetadataFileList (in target 'TPMSinoiOS' from project 'TPMSinoiOS')
    cd /Users/runner/work/TPMSinoiOS/TPMSinoiOS
    write-file /Users/runner/work/TPMSinoiOS/TPMSinoiOS/build/Build/Intermediates.noindex/TPMSinoiOS.build/Debug-iphonesimulator/TPMSinoiOS.build/TPMSinoiOS.DependencyStaticMetadataFileList

WriteAuxiliaryFile /Users/runner/work/TPMSinoiOS/TPMSinoiOS/build/Build/Intermediates.noindex/TPMSinoiOS.build/Debug-iphonesimulator/TPMSinoiOS.build/TPMSinoiOS-project-headers.hmap (in target 'TPMSinoiOS' from project 'TPMSinoiOS')
    cd /Users/runner/work/TPMSinoiOS/TPMSinoiOS
    write-file /Users/runner/work/TPMSinoiOS/TPMSinoiOS/build/Build/Intermediates.noindex/TPMSinoiOS.build/Debug-iphonesimulator/TPMSinoiOS.build/TPMSinoiOS-project-headers.hmap

WriteAuxiliaryFile /Users/runner/work/TPMSinoiOS/TPMSinoiOS/build/Build/Intermediates.noindex/TPMSinoiOS.build/Debug-iphonesimulator/TPMSinoiOS.build/TPMSinoiOS-own-target-headers.hmap (in target 'TPMSinoiOS' from project 'TPMSinoiOS')
    cd /Users/runner/work/TPMSinoiOS/TPMSinoiOS
    write-file /Users/runner/work/TPMSinoiOS/TPMSinoiOS/build/Build/Intermediates.noindex/TPMSinoiOS.build/Debug-iphonesimulator/TPMSinoiOS.build/TPMSinoiOS-own-target-headers.hmap

WriteAuxiliaryFile /Users/runner/work/TPMSinoiOS/TPMSinoiOS/build/Build/Intermediates.noindex/TPMSinoiOS.build/Debug-iphonesimulator/TPMSinoiOS.build/TPMSinoiOS-generated-files.hmap (in target 'TPMSinoiOS' from project 'TPMSinoiOS')
    cd /Users/runner/work/TPMSinoiOS/TPMSinoiOS
    write-file /Users/runner/work/TPMSinoiOS/TPMSinoiOS/build/Build/Intermediates.noindex/TPMSinoiOS.build/Debug-iphonesimulator/TPMSinoiOS.build/TPMSinoiOS-generated-files.hmap

WriteAuxiliaryFile /Users/runner/work/TPMSinoiOS/TPMSinoiOS/build/Build/Intermediates.noindex/TPMSinoiOS.build/Debug-iphonesimulator/TPMSinoiOS.build/TPMSinoiOS-all-target-headers.hmap (in target 'TPMSinoiOS' from project 'TPMSinoiOS')
    cd /Users/runner/work/TPMSinoiOS/TPMSinoiOS
    write-file /Users/runner/work/TPMSinoiOS/TPMSinoiOS/build/Build/Intermediates.noindex/TPMSinoiOS.build/Debug-iphonesimulator/TPMSinoiOS.build/TPMSinoiOS-all-target-headers.hmap

WriteAuxiliaryFile /Users/runner/work/TPMSinoiOS/TPMSinoiOS/build/Build/Intermediates.noindex/TPMSinoiOS.build/Debug-iphonesimulator/TPMSinoiOS.build/TPMSinoiOS-all-non-framework-target-headers.hmap (in target 'TPMSinoiOS' from project 'TPMSinoiOS')
    cd /Users/runner/work/TPMSinoiOS/TPMSinoiOS
    write-file /Users/runner/work/TPMSinoiOS/TPMSinoiOS/build/Build/Intermediates.noindex/TPMSinoiOS.build/Debug-iphonesimulator/TPMSinoiOS.build/TPMSinoiOS-all-non-framework-target-headers.hmap

WriteAuxiliaryFile /Users/runner/work/TPMSinoiOS/TPMSinoiOS/build/Build/Intermediates.noindex/TPMSinoiOS.build/Debug-iphonesimulator/TPMSinoiOS.build/TPMSinoiOS-DebugDylibPath-normal-arm64.txt (in target 'TPMSinoiOS' from project 'TPMSinoiOS')
    cd /Users/runner/work/TPMSinoiOS/TPMSinoiOS
    write-file /Users/runner/work/TPMSinoiOS/TPMSinoiOS/build/Build/Intermediates.noindex/TPMSinoiOS.build/Debug-iphonesimulator/TPMSinoiOS.build/TPMSinoiOS-DebugDylibPath-normal-arm64.txt

WriteAuxiliaryFile /Users/runner/work/TPMSinoiOS/TPMSinoiOS/build/Build/Intermediates.noindex/TPMSinoiOS.build/Debug-iphonesimulator/TPMSinoiOS.build/TPMSinoiOS-DebugDylibInstallName-normal-arm64.txt (in target 'TPMSinoiOS' from project 'TPMSinoiOS')
    cd /Users/runner/work/TPMSinoiOS/TPMSinoiOS
    write-file /Users/runner/work/TPMSinoiOS/TPMSinoiOS/build/Build/Intermediates.noindex/TPMSinoiOS.build/Debug-iphonesimulator/TPMSinoiOS.build/TPMSinoiOS-DebugDylibInstallName-normal-arm64.txt

WriteAuxiliaryFile /Users/runner/work/TPMSinoiOS/TPMSinoiOS/build/Build/Intermediates.noindex/TPMSinoiOS.build/Debug-iphonesimulator/TPMSinoiOS.build/Objects-normal/arm64/TPMSinoiOS_const_extract_protocols.json (in target 'TPMSinoiOS' from project 'TPMSinoiOS')
    cd /Users/runner/work/TPMSinoiOS/TPMSinoiOS
    write-file /Users/runner/work/TPMSinoiOS/TPMSinoiOS/build/Build/Intermediates.noindex/TPMSinoiOS.build/Debug-iphonesimulator/TPMSinoiOS.build/Objects-normal/arm64/TPMSinoiOS_const_extract_protocols.json

WriteAuxiliaryFile /Users/runner/work/TPMSinoiOS/TPMSinoiOS/build/Build/Intermediates.noindex/TPMSinoiOS.build/Debug-iphonesimulator/TPMSinoiOS.build/Objects-normal/arm64/TPMSinoiOS.SwiftFileList (in target 'TPMSinoiOS' from project 'TPMSinoiOS')
    cd /Users/runner/work/TPMSinoiOS/TPMSinoiOS
    write-file /Users/runner/work/TPMSinoiOS/TPMSinoiOS/build/Build/Intermediates.noindex/TPMSinoiOS.build/Debug-iphonesimulator/TPMSinoiOS.build/Objects-normal/arm64/TPMSinoiOS.SwiftFileList

WriteAuxiliaryFile /Users/runner/work/TPMSinoiOS/TPMSinoiOS/build/Build/Intermediates.noindex/TPMSinoiOS.build/Debug-iphonesimulator/TPMSinoiOS.build/Objects-normal/arm64/TPMSinoiOS.SwiftConstValuesFileList (in target 'TPMSinoiOS' from project 'TPMSinoiOS')
    cd /Users/runner/work/TPMSinoiOS/TPMSinoiOS
    write-file /Users/runner/work/TPMSinoiOS/TPMSinoiOS/build/Build/Intermediates.noindex/TPMSinoiOS.build/Debug-iphonesimulator/TPMSinoiOS.build/Objects-normal/arm64/TPMSinoiOS.SwiftConstValuesFileList

WriteAuxiliaryFile /Users/runner/work/TPMSinoiOS/TPMSinoiOS/build/Build/Intermediates.noindex/TPMSinoiOS.build/Debug-iphonesimulator/TPMSinoiOS.build/Objects-normal/arm64/TPMSinoiOS.LinkFileList (in target 'TPMSinoiOS' from project 'TPMSinoiOS')
    cd /Users/runner/work/TPMSinoiOS/TPMSinoiOS
    write-file /Users/runner/work/TPMSinoiOS/TPMSinoiOS/build/Build/Intermediates.noindex/TPMSinoiOS.build/Debug-iphonesimulator/TPMSinoiOS.build/Objects-normal/arm64/TPMSinoiOS.LinkFileList

WriteAuxiliaryFile /Users/runner/work/TPMSinoiOS/TPMSinoiOS/build/Build/Intermediates.noindex/TPMSinoiOS.build/Debug-iphonesimulator/TPMSinoiOS.build/Objects-normal/arm64/TPMSinoiOS-OutputFileMap.json (in target 'TPMSinoiOS' from project 'TPMSinoiOS')
    cd /Users/runner/work/TPMSinoiOS/TPMSinoiOS
    write-file /Users/runner/work/TPMSinoiOS/TPMSinoiOS/build/Build/Intermediates.noindex/TPMSinoiOS.build/Debug-iphonesimulator/TPMSinoiOS.build/Objects-normal/arm64/TPMSinoiOS-OutputFileMap.json

MkDir /Users/runner/work/TPMSinoiOS/TPMSinoiOS/build/Build/Products/Debug-iphonesimulator/TPMSinoiOS.app (in target 'TPMSinoiOS' from project 'TPMSinoiOS')
    cd /Users/runner/work/TPMSinoiOS/TPMSinoiOS
    /bin/mkdir -p /Users/runner/work/TPMSinoiOS/TPMSinoiOS/build/Build/Products/Debug-iphonesimulator/TPMSinoiOS.app

Ld /Users/runner/work/TPMSinoiOS/TPMSinoiOS/build/Build/Products/Debug-iphonesimulator/TPMSinoiOS.app/__preview.dylib normal (in target 'TPMSinoiOS' from project 'TPMSinoiOS')
    cd /Users/runner/work/TPMSinoiOS/TPMSinoiOS
    /Applications/Xcode_26.6.app/Contents/Developer/Toolchains/XcodeDefault.xctoolchain/usr/bin/clang -Xlinker -reproducible -target arm64-apple-ios15.0-simulator -dynamiclib -isysroot /Applications/Xcode_26.6.app/Contents/Developer/Platforms/iPhoneSimulator.platform/Developer/SDKs/iPhoneSimulator26.5.sdk -O0 -L/Users/runner/work/TPMSinoiOS/TPMSinoiOS/build/Build/Products/Debug-iphonesimulator -F/Users/runner/work/TPMSinoiOS/TPMSinoiOS/build/Build/Products/Debug-iphonesimulator -install_name @rpath/TPMSinoiOS.debug.dylib -Xlinker -dead_strip -rdynamic -Xlinker -no_deduplicate -Xlinker -objc_abi_version -Xlinker 2 -Xlinker -dependency_info -Xlinker /Users/runner/work/TPMSinoiOS/TPMSinoiOS/build/Build/Intermediates.noindex/TPMSinoiOS.build/Debug-iphonesimulator/TPMSinoiOS.build/Objects-normal/arm64/TPMSinoiOS_dependency_info.dat -o /Users/runner/work/TPMSinoiOS/TPMSinoiOS/build/Build/Products/Debug-iphonesimulator/TPMSinoiOS.app/__preview.dylib

MkDir /Users/runner/work/TPMSinoiOS/TPMSinoiOS/build/Build/Intermediates.noindex/TPMSinoiOS.build/Debug-iphonesimulator/TPMSinoiOS.build/assetcatalog_output/thinned (in target 'TPMSinoiOS' from project 'TPMSinoiOS')
    cd /Users/runner/work/TPMSinoiOS/TPMSinoiOS
    /bin/mkdir -p /Users/runner/work/TPMSinoiOS/TPMSinoiOS/build/Build/Intermediates.noindex/TPMSinoiOS.build/Debug-iphonesimulator/TPMSinoiOS.build/assetcatalog_output/thinned

MkDir /Users/runner/work/TPMSinoiOS/TPMSinoiOS/build/Build/Intermediates.noindex/TPMSinoiOS.build/Debug-iphonesimulator/TPMSinoiOS.build/assetcatalog_output/unthinned (in target 'TPMSinoiOS' from project 'TPMSinoiOS')
    cd /Users/runner/work/TPMSinoiOS/TPMSinoiOS
    /bin/mkdir -p /Users/runner/work/TPMSinoiOS/TPMSinoiOS/build/Build/Intermediates.noindex/TPMSinoiOS.build/Debug-iphonesimulator/TPMSinoiOS.build/assetcatalog_output/unthinned

GenerateAssetSymbols /Users/runner/work/TPMSinoiOS/TPMSinoiOS/TPMSinoiOS/Assets.xcassets (in target 'TPMSinoiOS' from project 'TPMSinoiOS')
    cd /Users/runner/work/TPMSinoiOS/TPMSinoiOS
    /Applications/Xcode_26.6.app/Contents/Developer/usr/bin/actool /Users/runner/work/TPMSinoiOS/TPMSinoiOS/TPMSinoiOS/Assets.xcassets --compile /Users/runner/work/TPMSinoiOS/TPMSinoiOS/build/Build/Products/Debug-iphonesimulator/TPMSinoiOS.app --output-format human-readable-text --notices --warnings --export-dependency-info /Users/runner/work/TPMSinoiOS/TPMSinoiOS/build/Build/Intermediates.noindex/TPMSinoiOS.build/Debug-iphonesimulator/TPMSinoiOS.build/assetcatalog_dependencies --output-partial-info-plist /Users/runner/work/TPMSinoiOS/TPMSinoiOS/build/Build/Intermediates.noindex/TPMSinoiOS.build/Debug-iphonesimulator/TPMSinoiOS.build/assetcatalog_generated_info.plist --app-icon AppIcon --compress-pngs --enable-on-demand-resources YES --development-region en --target-device iphone --target-device ipad --minimum-deployment-target 15.0 --platform iphonesimulator --bundle-identifier com.example.tpmsinoios --generate-swift-asset-symbol-extensions NO --generate-swift-asset-symbols /Users/runner/work/TPMSinoiOS/TPMSinoiOS/build/Build/Intermediates.noindex/TPMSinoiOS.build/Debug-iphonesimulator/TPMSinoiOS.build/DerivedSources/GeneratedAssetSymbols.swift --generate-objc-asset-symbols /Users/runner/work/TPMSinoiOS/TPMSinoiOS/build/Build/Intermediates.noindex/TPMSinoiOS.build/Debug-iphonesimulator/TPMSinoiOS.build/DerivedSources/GeneratedAssetSymbols.h --generate-asset-symbol-index /Users/runner/work/TPMSinoiOS/TPMSinoiOS/build/Build/Intermediates.noindex/TPMSinoiOS.build/Debug-iphonesimulator/TPMSinoiOS.build/DerivedSources/GeneratedAssetSymbols-Index.plist
/* com.apple.actool.compilation-results */
/Users/runner/work/TPMSinoiOS/TPMSinoiOS/build/Build/Intermediates.noindex/TPMSinoiOS.build/Debug-iphonesimulator/TPMSinoiOS.build/DerivedSources/GeneratedAssetSymbols-Index.plist
/Users/runner/work/TPMSinoiOS/TPMSinoiOS/build/Build/Intermediates.noindex/TPMSinoiOS.build/Debug-iphonesimulator/TPMSinoiOS.build/DerivedSources/GeneratedAssetSymbols.h
/Users/runner/work/TPMSinoiOS/TPMSinoiOS/build/Build/Intermediates.noindex/TPMSinoiOS.build/Debug-iphonesimulator/TPMSinoiOS.build/DerivedSources/GeneratedAssetSymbols.swift


CompileAssetCatalogVariant thinned /Users/runner/work/TPMSinoiOS/TPMSinoiOS/build/Build/Products/Debug-iphonesimulator/TPMSinoiOS.app /Users/runner/work/TPMSinoiOS/TPMSinoiOS/TPMSinoiOS/Assets.xcassets (in target 'TPMSinoiOS' from project 'TPMSinoiOS')
    cd /Users/runner/work/TPMSinoiOS/TPMSinoiOS
    /Applications/Xcode_26.6.app/Contents/Developer/usr/bin/actool /Users/runner/work/TPMSinoiOS/TPMSinoiOS/TPMSinoiOS/Assets.xcassets --compile /Users/runner/work/TPMSinoiOS/TPMSinoiOS/build/Build/Intermediates.noindex/TPMSinoiOS.build/Debug-iphonesimulator/TPMSinoiOS.build/assetcatalog_output/thinned --output-format human-readable-text --notices --warnings --export-dependency-info /Users/runner/work/TPMSinoiOS/TPMSinoiOS/build/Build/Intermediates.noindex/TPMSinoiOS.build/Debug-iphonesimulator/TPMSinoiOS.build/assetcatalog_dependencies_thinned --output-partial-info-plist /Users/runner/work/TPMSinoiOS/TPMSinoiOS/build/Build/Intermediates.noindex/TPMSinoiOS.build/Debug-iphonesimulator/TPMSinoiOS.build/assetcatalog_generated_info.plist_thinned --app-icon AppIcon --compress-pngs --enable-on-demand-resources YES --filter-for-thinning-device-configuration iPhone18,1 --filter-for-device-os-version 26.2 --development-region en --target-device iphone --target-device ipad --minimum-deployment-target 15.0 --platform iphonesimulator
/* com.apple.actool.compilation-results */
/Users/runner/work/TPMSinoiOS/TPMSinoiOS/build/Build/Intermediates.noindex/TPMSinoiOS.build/Debug-iphonesimulator/TPMSinoiOS.build/assetcatalog_generated_info.plist_thinned


LinkAssetCatalog /Users/runner/work/TPMSinoiOS/TPMSinoiOS/TPMSinoiOS/Assets.xcassets (in target 'TPMSinoiOS' from project 'TPMSinoiOS')
    cd /Users/runner/work/TPMSinoiOS/TPMSinoiOS
    builtin-linkAssetCatalog --thinned /Users/runner/work/TPMSinoiOS/TPMSinoiOS/build/Build/Intermediates.noindex/TPMSinoiOS.build/Debug-iphonesimulator/TPMSinoiOS.build/assetcatalog_output/thinned --thinned-dependencies /Users/runner/work/TPMSinoiOS/TPMSinoiOS/build/Build/Intermediates.noindex/TPMSinoiOS.build/Debug-iphonesimulator/TPMSinoiOS.build/assetcatalog_dependencies_thinned --thinned-info-plist-content /Users/runner/work/TPMSinoiOS/TPMSinoiOS/build/Build/Intermediates.noindex/TPMSinoiOS.build/Debug-iphonesimulator/TPMSinoiOS.build/assetcatalog_generated_info.plist_thinned --unthinned /Users/runner/work/TPMSinoiOS/TPMSinoiOS/build/Build/Intermediates.noindex/TPMSinoiOS.build/Debug-iphonesimulator/TPMSinoiOS.build/assetcatalog_output/unthinned --unthinned-dependencies /Users/runner/work/TPMSinoiOS/TPMSinoiOS/build/Build/Intermediates.noindex/TPMSinoiOS.build/Debug-iphonesimulator/TPMSinoiOS.build/assetcatalog_dependencies_unthinned --unthinned-info-plist-content /Users/runner/work/TPMSinoiOS/TPMSinoiOS/build/Build/Intermediates.noindex/TPMSinoiOS.build/Debug-iphonesimulator/TPMSinoiOS.build/assetcatalog_generated_info.plist_unthinned --output /Users/runner/work/TPMSinoiOS/TPMSinoiOS/build/Build/Products/Debug-iphonesimulator/TPMSinoiOS.app --plist-output /Users/runner/work/TPMSinoiOS/TPMSinoiOS/build/Build/Intermediates.noindex/TPMSinoiOS.build/Debug-iphonesimulator/TPMSinoiOS.build/assetcatalog_generated_info.plist

ProcessInfoPlistFile /Users/runner/work/TPMSinoiOS/TPMSinoiOS/build/Build/Products/Debug-iphonesimulator/TPMSinoiOS.app/Info.plist /Users/runner/work/TPMSinoiOS/TPMSinoiOS/TPMSinoiOS/Info.plist (in target 'TPMSinoiOS' from project 'TPMSinoiOS')
    cd /Users/runner/work/TPMSinoiOS/TPMSinoiOS
    builtin-infoPlistUtility /Users/runner/work/TPMSinoiOS/TPMSinoiOS/TPMSinoiOS/Info.plist -producttype com.apple.product-type.application -genpkginfo /Users/runner/work/TPMSinoiOS/TPMSinoiOS/build/Build/Products/Debug-iphonesimulator/TPMSinoiOS.app/PkgInfo -expandbuildsettings -format binary -platform iphonesimulator -additionalcontentfile /Users/runner/work/TPMSinoiOS/TPMSinoiOS/build/Build/Intermediates.noindex/TPMSinoiOS.build/Debug-iphonesimulator/TPMSinoiOS.build/assetcatalog_generated_info.plist -o /Users/runner/work/TPMSinoiOS/TPMSinoiOS/build/Build/Products/Debug-iphonesimulator/TPMSinoiOS.app/Info.plist

SwiftDriver TPMSinoiOS normal arm64 com.apple.xcode.tools.swift.compiler (in target 'TPMSinoiOS' from project 'TPMSinoiOS')
    cd /Users/runner/work/TPMSinoiOS/TPMSinoiOS
    builtin-SwiftDriver -- /Applications/Xcode_26.6.app/Contents/Developer/Toolchains/XcodeDefault.xctoolchain/usr/bin/swiftc -module-name TPMSinoiOS -Onone @/Users/runner/work/TPMSinoiOS/TPMSinoiOS/build/Build/Intermediates.noindex/TPMSinoiOS.build/Debug-iphonesimulator/TPMSinoiOS.build/Objects-normal/arm64/TPMSinoiOS.SwiftFileList -DDEBUG -enable-bare-slash-regex -enable-experimental-feature DebugDescriptionMacro -sdk /Applications/Xcode_26.6.app/Contents/Developer/Platforms/iPhoneSimulator.platform/Developer/SDKs/iPhoneSimulator26.5.sdk -target arm64-apple-ios15.0-simulator -g -module-cache-path /Users/runner/work/TPMSinoiOS/TPMSinoiOS/build/ModuleCache.noindex -Xfrontend -serialize-debugging-options -enable-testing -index-store-path /Users/runner/work/TPMSinoiOS/TPMSinoiOS/build/Index.noindex/DataStore -Xcc -D_LIBCPP_HARDENING_MODE\=_LIBCPP_HARDENING_MODE_DEBUG -swift-version 5 -I /Users/runner/work/TPMSinoiOS/TPMSinoiOS/build/Build/Products/Debug-iphonesimulator -F /Users/runner/work/TPMSinoiOS/TPMSinoiOS/build/Build/Products/Debug-iphonesimulator -c -j5 -enable-batch-mode -incremental -Xcc -ivfsstatcache -Xcc /Users/runner/work/TPMSinoiOS/TPMSinoiOS/build/SDKStatCaches.noindex/iphonesimulator26.5-23F81a-688ef53f1462e2c8f657fdc38a81448ff45c64a1807a658693f2a61704f17a36.sdkstatcache -output-file-map /Users/runner/work/TPMSinoiOS/TPMSinoiOS/build/Build/Intermediates.noindex/TPMSinoiOS.build/Debug-iphonesimulator/TPMSinoiOS.build/Objects-normal/arm64/TPMSinoiOS-OutputFileMap.json -use-frontend-parseable-output -save-temps -no-color-diagnostics -explicit-module-build -module-cache-path /Users/runner/work/TPMSinoiOS/TPMSinoiOS/build/Build/Intermediates.noindex/SwiftExplicitPrecompiledModules -clang-scanner-module-cache-path /Users/runner/work/TPMSinoiOS/TPMSinoiOS/build/ModuleCache.noindex -sdk-module-cache-path /Users/runner/work/TPMSinoiOS/TPMSinoiOS/build/ModuleCache.noindex -serialize-diagnostics -emit-dependencies -emit-module -emit-module-path /Users/runner/work/TPMSinoiOS/TPMSinoiOS/build/Build/Intermediates.noindex/TPMSinoiOS.build/Debug-iphonesimulator/TPMSinoiOS.build/Objects-normal/arm64/TPMSinoiOS.swiftmodule -validate-clang-modules-once -clang-build-session-file /Users/runner/work/TPMSinoiOS/TPMSinoiOS/build/ModuleCache.noindex/Session.modulevalidation -Xcc -I/Users/runner/work/TPMSinoiOS/TPMSinoiOS/build/Build/Intermediates.noindex/TPMSinoiOS.build/Debug-iphonesimulator/TPMSinoiOS.build/swift-overrides.hmap -emit-const-values -Xfrontend -const-gather-protocols-file -Xfrontend /Users/runner/work/TPMSinoiOS/TPMSinoiOS/build/Build/Intermediates.noindex/TPMSinoiOS.build/Debug-iphonesimulator/TPMSinoiOS.build/Objects-normal/arm64/TPMSinoiOS_const_extract_protocols.json -Xcc -iquote -Xcc /Users/runner/work/TPMSinoiOS/TPMSinoiOS/build/Build/Intermediates.noindex/TPMSinoiOS.build/Debug-iphonesimulator/TPMSinoiOS.build/TPMSinoiOS-generated-files.hmap -Xcc -I/Users/runner/work/TPMSinoiOS/TPMSinoiOS/build/Build/Intermediates.noindex/TPMSinoiOS.build/Debug-iphonesimulator/TPMSinoiOS.build/TPMSinoiOS-own-target-headers.hmap -Xcc -I/Users/runner/work/TPMSinoiOS/TPMSinoiOS/build/Build/Intermediates.noindex/TPMSinoiOS.build/Debug-iphonesimulator/TPMSinoiOS.build/TPMSinoiOS-all-target-headers.hmap -Xcc -iquote -Xcc /Users/runner/work/TPMSinoiOS/TPMSinoiOS/build/Build/Intermediates.noindex/TPMSinoiOS.build/Debug-iphonesimulator/TPMSinoiOS.build/TPMSinoiOS-project-headers.hmap -Xcc -I/Users/runner/work/TPMSinoiOS/TPMSinoiOS/build/Build/Products/Debug-iphonesimulator/include -Xcc -I/Users/runner/work/TPMSinoiOS/TPMSinoiOS/build/Build/Intermediates.noindex/TPMSinoiOS.build/Debug-iphonesimulator/TPMSinoiOS.build/DerivedSources-normal/arm64 -Xcc -I/Users/runner/work/TPMSinoiOS/TPMSinoiOS/build/Build/Intermediates.noindex/TPMSinoiOS.build/Debug-iphonesimulator/TPMSinoiOS.build/DerivedSources/arm64 -Xcc -I/Users/runner/work/TPMSinoiOS/TPMSinoiOS/build/Build/Intermediates.noindex/TPMSinoiOS.build/Debug-iphonesimulator/TPMSinoiOS.build/DerivedSources -Xcc -DDEBUG\=1 -emit-objc-header -emit-objc-header-path /Users/runner/work/TPMSinoiOS/TPMSinoiOS/build/Build/Intermediates.noindex/TPMSinoiOS.build/Debug-iphonesimulator/TPMSinoiOS.build/Objects-normal/arm64/TPMSinoiOS-Swift.h -working-directory /Users/runner/work/TPMSinoiOS/TPMSinoiOS -experimental-emit-module-separately -disable-cmo

SwiftExplicitDependencyGeneratePcm arm64 /Users/runner/work/TPMSinoiOS/TPMSinoiOS/build/ModuleCache.noindex/_Builtin_stdbool-9UDSVPRG651Z7EEMC82IY9UUY.pcm

SwiftExplicitDependencyGeneratePcm arm64 /Users/runner/work/TPMSinoiOS/TPMSinoiOS/build/ModuleCache.noindex/ptrauth-M8ZNC30XI571MCHV6M3Q69QN.pcm

SwiftExplicitDependencyGeneratePcm arm64 /Users/runner/work/TPMSinoiOS/TPMSinoiOS/build/ModuleCache.noindex/ptrcheck-EQYBPBLBDAY7NQQIOETZK1HSA.pcm

SwiftExplicitDependencyGeneratePcm arm64 /Users/runner/work/TPMSinoiOS/TPMSinoiOS/build/ModuleCache.noindex/DeveloperToolsSupport-6MGBEIC9WEAS1WGRTUHD6HRRI.pcm

SwiftExplicitDependencyGeneratePcm arm64 /Users/runner/work/TPMSinoiOS/TPMSinoiOS/build/ModuleCache.noindex/_AvailabilityInternal-9FR5KKMVKHV7POAYSA33ZY3MP.pcm

SwiftExplicitDependencyGeneratePcm arm64 /Users/runner/work/TPMSinoiOS/TPMSinoiOS/build/ModuleCache.noindex/_Builtin_stdarg-D8W423T96GGVZZIGLHYJJBG89.pcm

SwiftExplicitDependencyGeneratePcm arm64 /Users/runner/work/TPMSinoiOS/TPMSinoiOS/build/ModuleCache.noindex/_Builtin_stddef-8TMG022IME9YQ3JCNCFGI815R.pcm

SwiftExplicitDependencyGeneratePcm arm64 /Users/runner/work/TPMSinoiOS/TPMSinoiOS/build/ModuleCache.noindex/_Builtin_float-8C926DHNMG4EK7JG07HU933V5.pcm

SwiftExplicitDependencyGeneratePcm arm64 /Users/runner/work/TPMSinoiOS/TPMSinoiOS/build/ModuleCache.noindex/SwiftShims-BCP22UGA0OZNI3D5YP0QZ3LVV.pcm

SwiftExplicitDependencyGeneratePcm arm64 /Users/runner/work/TPMSinoiOS/TPMSinoiOS/build/ModuleCache.noindex/_SwiftConcurrencyShims-E1RCFRFM1NWOOOX179SXP0Y7F.pcm

SwiftExplicitDependencyGeneratePcm arm64 /Users/runner/work/TPMSinoiOS/TPMSinoiOS/build/ModuleCache.noindex/_DarwinFoundation1-4B2PY0ICHNGGYYCT4YW9Y8SMN.pcm

SwiftExplicitDependencyGeneratePcm arm64 /Users/runner/work/TPMSinoiOS/TPMSinoiOS/build/ModuleCache.noindex/_Builtin_limits-EVSY7138ERNN3YJZH0Y3AWU9J.pcm

SwiftExplicitDependencyGeneratePcm arm64 /Users/runner/work/TPMSinoiOS/TPMSinoiOS/build/ModuleCache.noindex/_DarwinFoundation2-AU64MGQNJXFMR9KHCUV0XYZNS.pcm

SwiftExplicitDependencyGeneratePcm arm64 /Users/runner/work/TPMSinoiOS/TPMSinoiOS/build/ModuleCache.noindex/sys_types-AKY37IR6EUDSZB2845AFPOEPP.pcm

SwiftExplicitDependencyGeneratePcm arm64 /Users/runner/work/TPMSinoiOS/TPMSinoiOS/build/ModuleCache.noindex/_Builtin_stdint-78ZIR4JUZDBX5T46PM875EI5J.pcm

SwiftExplicitDependencyGeneratePcm arm64 /Users/runner/work/TPMSinoiOS/TPMSinoiOS/build/ModuleCache.noindex/_Builtin_tgmath-9MHALQHUQ3OYS8CEEOO060T44.pcm

SwiftExplicitDependencyGeneratePcm arm64 /Users/runner/work/TPMSinoiOS/TPMSinoiOS/build/ModuleCache.noindex/_Builtin_intrinsics-OIWZ88E9UG2EHRHBLVML1O0P.pcm

SwiftExplicitDependencyGeneratePcm arm64 /Users/runner/work/TPMSinoiOS/TPMSinoiOS/build/ModuleCache.noindex/_Builtin_stdatomic-CN4XUKELY46KMHYJ2IJ2L6I5G.pcm

SwiftExplicitDependencyGeneratePcm arm64 /Users/runner/work/TPMSinoiOS/TPMSinoiOS/build/ModuleCache.noindex/_DarwinFoundation3-AFZC41RDE1F44TORJB2XWLI1J.pcm

SwiftExplicitDependencyGeneratePcm arm64 /Users/runner/work/TPMSinoiOS/TPMSinoiOS/build/ModuleCache.noindex/_Builtin_inttypes-4PEHG7PE6FUV37TOR0G748M22.pcm

SwiftExplicitDependencyGeneratePcm arm64 /Users/runner/work/TPMSinoiOS/TPMSinoiOS/build/ModuleCache.noindex/Darwin-C988KLY3XQ3LVKDANYG7I39T6.pcm

SwiftExplicitDependencyGeneratePcm arm64 /Users/runner/work/TPMSinoiOS/TPMSinoiOS/build/ModuleCache.noindex/simd-50G6IDN488SET9158Z7VT91WV.pcm

SwiftExplicitDependencyGeneratePcm arm64 /Users/runner/work/TPMSinoiOS/TPMSinoiOS/build/ModuleCache.noindex/MachO-EE5TBO3998XNWD21LP7RKITHG.pcm

SwiftExplicitDependencyGeneratePcm arm64 /Users/runner/work/TPMSinoiOS/TPMSinoiOS/build/ModuleCache.noindex/ObjectiveC-7AL4TVVPTO4NHX71X54D7Y0EN.pcm

SwiftExplicitDependencyGeneratePcm arm64 /Users/runner/work/TPMSinoiOS/TPMSinoiOS/build/ModuleCache.noindex/os_object-CGFT35AEMUBXV0XVOBUT8L0AN.pcm

SwiftExplicitDependencyGeneratePcm arm64 /Users/runner/work/TPMSinoiOS/TPMSinoiOS/build/ModuleCache.noindex/os_workgroup-94XJGMK5AIIVIGO3R0SXXTBWJ.pcm

SwiftExplicitDependencyGeneratePcm arm64 /Users/runner/work/TPMSinoiOS/TPMSinoiOS/build/ModuleCache.noindex/Spatial-BPI0UY45ICIP1ZIGUPJCV3FGM.pcm

SwiftExplicitDependencyGeneratePcm arm64 /Users/runner/work/TPMSinoiOS/TPMSinoiOS/build/ModuleCache.noindex/Dispatch-6KWO1YK3Q3U2OTCKMQ52P5F8E.pcm

SwiftExplicitDependencyGeneratePcm arm64 /Users/runner/work/TPMSinoiOS/TPMSinoiOS/build/ModuleCache.noindex/XPC-CEVWV18A9NLMXNJFE8VZY8CIA.pcm

SwiftExplicitDependencyGeneratePcm arm64 /Users/runner/work/TPMSinoiOS/TPMSinoiOS/build/ModuleCache.noindex/dnssd-4EM2Y36UNBJB5ZAY8XAQUH4MC.pcm

SwiftExplicitDependencyGeneratePcm arm64 /Users/runner/work/TPMSinoiOS/TPMSinoiOS/build/ModuleCache.noindex/CoreFoundation-528LYUI47T0G4FIQ2K1QVAP3A.pcm

SwiftExplicitDependencyGeneratePcm arm64 /Users/runner/work/TPMSinoiOS/TPMSinoiOS/build/ModuleCache.noindex/os-CTXO915WWCXZ9QH3TEPNSHXKD.pcm

SwiftExplicitDependencyGeneratePcm arm64 /Users/runner/work/TPMSinoiOS/TPMSinoiOS/build/ModuleCache.noindex/CoreAudioTypes-9GZAJFO66P8RN9BHI2BGPKNAF.pcm

SwiftExplicitDependencyGeneratePcm arm64 /Users/runner/work/TPMSinoiOS/TPMSinoiOS/build/ModuleCache.noindex/CoreGraphics-5QHV9TD2IFX69B2MJK2DLATTG.pcm

SwiftExplicitDependencyGeneratePcm arm64 /Users/runner/work/TPMSinoiOS/TPMSinoiOS/build/ModuleCache.noindex/Security-2K6PE86OWMGRN3ZWGH104AY4L.pcm

SwiftExplicitDependencyGeneratePcm arm64 /Users/runner/work/TPMSinoiOS/TPMSinoiOS/build/ModuleCache.noindex/CFNetwork-17KMDZNOV41WZ0RP1IBYLL5UJ.pcm

SwiftExplicitDependencyGeneratePcm arm64 /Users/runner/work/TPMSinoiOS/TPMSinoiOS/build/ModuleCache.noindex/CoreAudio-5OK76OB55WJTQP57LRJOH3F3.pcm

SwiftExplicitDependencyGeneratePcm arm64 /Users/runner/work/TPMSinoiOS/TPMSinoiOS/build/ModuleCache.noindex/Foundation-EQMW6K8DL1LUFFAFJZW4V642E.pcm

SwiftExplicitDependencyGeneratePcm arm64 /Users/runner/work/TPMSinoiOS/TPMSinoiOS/build/ModuleCache.noindex/CoreText-C9RGTIW96ZXYX30IY1XYQTAFQ.pcm

SwiftExplicitDependencyGeneratePcm arm64 /Users/runner/work/TPMSinoiOS/TPMSinoiOS/build/ModuleCache.noindex/ImageIO-DW3L5YAM230EF98KJ7H2ZB9IW.pcm

SwiftExplicitDependencyGeneratePcm arm64 /Users/runner/work/TPMSinoiOS/TPMSinoiOS/build/ModuleCache.noindex/IOSurface-5LTBPM370TV9GGFKN6WNJ3PP3.pcm

SwiftExplicitDependencyGeneratePcm arm64 /Users/runner/work/TPMSinoiOS/TPMSinoiOS/build/ModuleCache.noindex/FileProvider-6WPRCB09CLK13OO6OFXBAZ5IN.pcm

SwiftExplicitDependencyGeneratePcm arm64 /Users/runner/work/TPMSinoiOS/TPMSinoiOS/build/ModuleCache.noindex/Network-AVPC42G3AJF5AJAM0253SSO2N.pcm

SwiftExplicitDependencyGeneratePcm arm64 /Users/runner/work/TPMSinoiOS/TPMSinoiOS/build/ModuleCache.noindex/UniformTypeIdentifiers-CRMLMJL06NH4CTRR11ZJQIPA8.pcm

SwiftExplicitDependencyGeneratePcm arm64 /Users/runner/work/TPMSinoiOS/TPMSinoiOS/build/ModuleCache.noindex/DataDetection-2N3NSXW8NCDEF8M02RD7LBV8E.pcm

SwiftExplicitDependencyGeneratePcm arm64 /Users/runner/work/TPMSinoiOS/TPMSinoiOS/build/ModuleCache.noindex/CoreTransferable-ENSHNNLZFZNSXPYX6JGI33UX8.pcm

SwiftExplicitDependencyGeneratePcm arm64 /Users/runner/work/TPMSinoiOS/TPMSinoiOS/build/ModuleCache.noindex/CoreMIDI-DSSJXUASJ73COCET5YOCYZJK1.pcm

SwiftExplicitDependencyGeneratePcm arm64 /Users/runner/work/TPMSinoiOS/TPMSinoiOS/build/ModuleCache.noindex/OpenGLES-EAQHLY7PEMI6CVRX3D5XBZ0WJ.pcm

SwiftExplicitDependencyGeneratePcm arm64 /Users/runner/work/TPMSinoiOS/TPMSinoiOS/build/ModuleCache.noindex/Symbols-73CITRURQNBRIELG1Q7PHT8J6.pcm

SwiftExplicitDependencyGeneratePcm arm64 /Users/runner/work/TPMSinoiOS/TPMSinoiOS/build/ModuleCache.noindex/CoreBluetooth-DZWIO6DI3DA5IJFQ7H7RGQRNV.pcm

SwiftExplicitDependencyGeneratePcm arm64 /Users/runner/work/TPMSinoiOS/TPMSinoiOS/build/ModuleCache.noindex/OSLog-6PHGP12JKVBO2E7XJZ07WKKUK.pcm

SwiftExplicitDependencyGeneratePcm arm64 /Users/runner/work/TPMSinoiOS/TPMSinoiOS/build/ModuleCache.noindex/Metal-C84Q8HCFPZ9MYEBUXFTMBFUXX.pcm

SwiftExplicitDependencyGeneratePcm arm64 /Users/runner/work/TPMSinoiOS/TPMSinoiOS/build/ModuleCache.noindex/AVRouting-5ZW3TYDM8QOBI4LHOHNY6VM6X.pcm

SwiftExplicitDependencyGeneratePcm arm64 /Users/runner/work/TPMSinoiOS/TPMSinoiOS/build/ModuleCache.noindex/UserNotifications-7MW6OGEPJR06D7FHYCX1O0K2P.pcm

SwiftExplicitDependencyGeneratePcm arm64 /Users/runner/work/TPMSinoiOS/TPMSinoiOS/build/ModuleCache.noindex/CoreData-EBU9X7MTR52MYKKFFF525RZBT.pcm

SwiftExplicitDependencyGeneratePcm arm64 /Users/runner/work/TPMSinoiOS/TPMSinoiOS/build/ModuleCache.noindex/Accessibility-39QUQ0FIDIRPLUW2WZ95OJF8X.pcm

SwiftExplicitDependencyGeneratePcm arm64 /Users/runner/work/TPMSinoiOS/TPMSinoiOS/build/ModuleCache.noindex/UIUtilities-BOQSNLRZ7QFS7BK4SXSIJBNLA.pcm

SwiftExplicitDependencyGeneratePcm arm64 /Users/runner/work/TPMSinoiOS/TPMSinoiOS/build/ModuleCache.noindex/AudioToolbox-7F3JR59G09DMKWIH79WY41AHS.pcm

SwiftExplicitDependencyGeneratePcm arm64 /Users/runner/work/TPMSinoiOS/TPMSinoiOS/build/ModuleCache.noindex/CoreVideo-87I230OJD0L7B32H6E2L7DAD1.pcm

SwiftExplicitDependencyGeneratePcm arm64 /Users/runner/work/TPMSinoiOS/TPMSinoiOS/build/ModuleCache.noindex/CoreMedia-63YJVP41B753SQ6AY93NFXSC2.pcm

SwiftExplicitDependencyGeneratePcm arm64 /Users/runner/work/TPMSinoiOS/TPMSinoiOS/build/ModuleCache.noindex/CoreImage-8DAAXWDN1XYBP0NLG3S8AGUVF.pcm

SwiftExplicitDependencyGeneratePcm arm64 /Users/runner/work/TPMSinoiOS/TPMSinoiOS/build/ModuleCache.noindex/QuartzCore-44DZL28YF0J798LHKX4116FPY.pcm

SwiftExplicitDependencyGeneratePcm arm64 /Users/runner/work/TPMSinoiOS/TPMSinoiOS/build/ModuleCache.noindex/SwiftUICore-CQMF4N7AL5Y0Y4YT23H8WSC0J.pcm

SwiftExplicitDependencyGeneratePcm arm64 /Users/runner/work/TPMSinoiOS/TPMSinoiOS/build/ModuleCache.noindex/UIKit-C7KQFHVKFR0903JB1CLIRGOBN.pcm

SwiftExplicitDependencyGeneratePcm arm64 /Users/runner/work/TPMSinoiOS/TPMSinoiOS/build/ModuleCache.noindex/MediaToolbox-BRGF0048YJ27VTAE1BWPFHIK1.pcm

SwiftExplicitDependencyGeneratePcm arm64 /Users/runner/work/TPMSinoiOS/TPMSinoiOS/build/ModuleCache.noindex/AVFAudio-A00E3RBKFL2J8EFYEB1R69WOT.pcm

SwiftExplicitDependencyGeneratePcm arm64 /Users/runner/work/TPMSinoiOS/TPMSinoiOS/build/ModuleCache.noindex/AVFoundation-1LDBYQCE0REX0TAP9UMAW8G7O.pcm

SwiftExplicitDependencyGeneratePcm arm64 /Users/runner/work/TPMSinoiOS/TPMSinoiOS/build/ModuleCache.noindex/SwiftUI-8Q488BRE6690D755ZJ12JMSST.pcm

SwiftCompile normal arm64 Compiling\ TPMSinoApp.swift,\ TpmsData.swift /Users/runner/work/TPMSinoiOS/TPMSinoiOS/TPMSinoiOS/TPMSinoApp.swift /Users/runner/work/TPMSinoiOS/TPMSinoiOS/TPMSinoiOS/Models/TpmsData.swift (in target 'TPMSinoiOS' from project 'TPMSinoiOS')

SwiftCompile normal arm64 /Users/runner/work/TPMSinoiOS/TPMSinoiOS/TPMSinoiOS/TPMSinoApp.swift (in target 'TPMSinoiOS' from project 'TPMSinoiOS')
    cd /Users/runner/work/TPMSinoiOS/TPMSinoiOS
    

SwiftCompile normal arm64 /Users/runner/work/TPMSinoiOS/TPMSinoiOS/TPMSinoiOS/Models/TpmsData.swift (in target 'TPMSinoiOS' from project 'TPMSinoiOS')
    cd /Users/runner/work/TPMSinoiOS/TPMSinoiOS
    

SwiftEmitModule normal arm64 Emitting\ module\ for\ TPMSinoiOS (in target 'TPMSinoiOS' from project 'TPMSinoiOS')

EmitSwiftModule normal arm64 (in target 'TPMSinoiOS' from project 'TPMSinoiOS')
    cd /Users/runner/work/TPMSinoiOS/TPMSinoiOS
    

SwiftCompile normal arm64 Compiling\ DashboardView.swift,\ MainTabView.swift /Users/runner/work/TPMSinoiOS/TPMSinoiOS/TPMSinoiOS/Views/DashboardView.swift /Users/runner/work/TPMSinoiOS/TPMSinoiOS/TPMSinoiOS/Views/MainTabView.swift (in target 'TPMSinoiOS' from project 'TPMSinoiOS')
Failed frontend command:
/Applications/Xcode_26.6.app/Contents/Developer/Toolchains/XcodeDefault.xctoolchain/usr/bin/swift-frontend -frontend -c /Users/runner/work/TPMSinoiOS/TPMSinoiOS/TPMSinoiOS/Views/AnalyticsView.swift /Users/runner/work/TPMSinoiOS/TPMSinoiOS/TPMSinoiOS/BLE/BleConstants.swift /Users/runner/work/TPMSinoiOS/TPMSinoiOS/TPMSinoiOS/BLE/BleManager.swift -primary-file /Users/runner/work/TPMSinoiOS/TPMSinoiOS/TPMSinoiOS/Views/DashboardView.swift -primary-file /Users/runner/work/TPMSinoiOS/TPMSinoiOS/TPMSinoiOS/Views/MainTabView.swift /Users/runner/work/TPMSinoiOS/TPMSinoiOS/TPMSinoiOS/Views/SensorView.swift /Users/runner/work/TPMSinoiOS/TPMSinoiOS/TPMSinoiOS/Views/SettingsView.swift /Users/runner/work/TPMSinoiOS/TPMSinoiOS/TPMSinoiOS/TPMSinoApp.swift /Users/runner/work/TPMSinoiOS/TPMSinoiOS/TPMSinoiOS/Models/TpmsData.swift /Users/runner/work/TPMSinoiOS/TPMSinoiOS/TPMSinoiOS/ViewModels/TpmsViewModel.swift /Users/runner/work/TPMSinoiOS/TPMSinoiOS/build/Build/Intermediates.noindex/TPMSinoiOS.build/Debug-iphonesimulator/TPMSinoiOS.build/DerivedSources/GeneratedAssetSymbols.swift -emit-dependencies-path /Users/runner/work/TPMSinoiOS/TPMSinoiOS/build/Build/Intermediates.noindex/TPMSinoiOS.build/Debug-iphonesimulator/TPMSinoiOS.build/Objects-normal/arm64/DashboardView.d -emit-const-values-path /Users/runner/work/TPMSinoiOS/TPMSinoiOS/build/Build/Intermediates.noindex/TPMSinoiOS.build/Debug-iphonesimulator/TPMSinoiOS.build/Objects-normal/arm64/DashboardView.swiftconstvalues -emit-reference-dependencies-path /Users/runner/work/TPMSinoiOS/TPMSinoiOS/build/Build/Intermediates.noindex/TPMSinoiOS.build/Debug-iphonesimulator/TPMSinoiOS.build/Objects-normal/arm64/DashboardView.swiftdeps -serialize-diagnostics-path /Users/runner/work/TPMSinoiOS/TPMSinoiOS/build/Build/Intermediates.noindex/TPMSinoiOS.build/Debug-iphonesimulator/TPMSinoiOS.build/Objects-normal/arm64/DashboardView.dia -emit-dependencies-path /Users/runner/work/TPMSinoiOS/TPMSinoiOS/build/Build/Intermediates.noindex/TPMSinoiOS.build/Debug-iphonesimulator/TPMSinoiOS.build/Objects-normal/arm64/MainTabView.d -emit-const-values-path /Users/runner/work/TPMSinoiOS/TPMSinoiOS/build/Build/Intermediates.noindex/TPMSinoiOS.build/Debug-iphonesimulator/TPMSinoiOS.build/Objects-normal/arm64/MainTabView.swiftconstvalues -emit-reference-dependencies-path /Users/runner/work/TPMSinoiOS/TPMSinoiOS/build/Build/Intermediates.noindex/TPMSinoiOS.build/Debug-iphonesimulator/TPMSinoiOS.build/Objects-normal/arm64/MainTabView.swiftdeps -serialize-diagnostics-path /Users/runner/work/TPMSinoiOS/TPMSinoiOS/build/Build/Intermediates.noindex/TPMSinoiOS.build/Debug-iphonesimulator/TPMSinoiOS.build/Objects-normal/arm64/MainTabView.dia -target arm64-apple-ios15.0-simulator -module-can-import-version DeveloperToolsSupport 23.40.26 23.40.26 -module-can-import-version SwiftUI 7.5.3 7.5.3 -module-can-import-version UIKit 9126.5.5.2 9126.5.5 -load-resolved-plugin /Applications/Xcode_26.6.app/Contents/Developer/Platforms/iPhoneOS.platform/Developer/usr/lib/swift/host/plugins/libFoundationMacros.dylib\#/Applications/Xcode_26.6.app/Contents/Developer/Platforms/iPhoneOS.platform/Developer/usr/bin/swift-plugin-server\#FoundationMacros -load-resolved-plugin /Applications/Xcode_26.6.app/Contents/Developer/Platforms/iPhoneOS.platform/Developer/usr/lib/swift/host/plugins/libObservationMacros.dylib\#/Applications/Xcode_26.6.app/Contents/Developer/Platforms/iPhoneOS.platform/Developer/usr/bin/swift-plugin-server\#ObservationMacros -load-resolved-plugin /Applications/Xcode_26.6.app/Contents/Developer/Platforms/iPhoneOS.platform/Developer/usr/lib/swift/host/plugins/libPreviewsMacros.dylib\#/Applications/Xcode_26.6.app/Contents/Developer/Platforms/iPhoneOS.platform/Developer/usr/bin/swift-plugin-server\#PreviewsMacros -load-resolved-plugin /Applications/Xcode_26.6.app/Contents/Developer/Platforms/iPhoneOS.platform/Developer/usr/lib/swift/host/plugins/libSwiftMacros.dylib\#/Applications/Xcode_26.6.app/Contents/Developer/Platforms/iPhoneOS.platform/Developer/usr/bin/swift-plugin-server\#SwiftMacros -load-resolved-plugin /Applications/Xcode_26.6.app/Contents/Developer/Platforms/iPhoneOS.platform/Developer/usr/lib/swift/host/plugins/libSwiftUIMacros.dylib\#/Applications/Xcode_26.6.app/Contents/Developer/Platforms/iPhoneOS.platform/Developer/usr/bin/swift-plugin-server\#SwiftUIMacros -disable-implicit-swift-modules -Xcc -fno-implicit-modules -Xcc -fno-implicit-module-maps -explicit-swift-module-map-file /Users/runner/work/TPMSinoiOS/TPMSinoiOS/build/Build/Intermediates.noindex/TPMSinoiOS.build/Debug-iphonesimulator/TPMSinoiOS.build/Objects-normal/arm64/TPMSinoiOS-dependencies-1.json -debug-module-path /Users/runner/work/TPMSinoiOS/TPMSinoiOS/build/Build/Intermediates.noindex/TPMSinoiOS.build/Debug-iphonesimulator/TPMSinoiOS.build/Objects-normal/arm64/TPMSinoiOS.swiftmodule -Xllvm -aarch64-use-tbi -enable-objc-interop -sdk /Applications/Xcode_26.6.app/Contents/Developer/Platforms/iPhoneSimulator.platform/Developer/SDKs/iPhoneSimulator26.5.sdk -I /Users/runner/work/TPMSinoiOS/TPMSinoiOS/build/Build/Products/Debug-iphonesimulator -F /Users/runner/work/TPMSinoiOS/TPMSinoiOS/build/Build/Products/Debug-iphonesimulator -no-color-diagnostics -Xcc -fno-color-diagnostics -enable-testing -g -debug-info-format\=dwarf -dwarf-version\=4 -module-cache-path /Users/runner/work/TPMSinoiOS/TPMSinoiOS/build/Build/Intermediates.noindex/SwiftExplicitPrecompiledModules -swift-version 5 -Onone -D DEBUG -serialize-debugging-options -const-gather-protocols-file /Users/runner/work/TPMSinoiOS/TPMSinoiOS/build/Build/Intermediates.noindex/TPMSinoiOS.build/Debug-iphonesimulator/TPMSinoiOS.build/Objects-normal/arm64/TPMSinoiOS_const_extract_protocols.json -enable-experimental-feature DebugDescriptionMacro -enable-bare-slash-regex -empty-abi-descriptor -validate-clang-modules-once -clang-build-session-file /Users/runner/work/TPMSinoiOS/TPMSinoiOS/build/ModuleCache.noindex/Session.modulevalidation -Xcc -working-directory -Xcc /Users/runner/work/TPMSinoiOS/TPMSinoiOS -enable-anonymous-context-mangled-names -file-compilation-dir /Users/runner/work/TPMSinoiOS/TPMSinoiOS -Xcc -D_LIBCPP_HARDENING_MODE\=_LIBCPP_HARDENING_MODE_DEBUG -Xcc -ivfsstatcache -Xcc /Users/runner/work/TPMSinoiOS/TPMSinoiOS/build/SDKStatCaches.noindex/iphonesimulator26.5-23F81a-688ef53f1462e2c8f657fdc38a81448ff45c64a1807a658693f2a61704f17a36.sdkstatcache -Xcc -I/Users/runner/work/TPMSinoiOS/TPMSinoiOS/build/Build/Intermediates.noindex/TPMSinoiOS.build/Debug-iphonesimulator/TPMSinoiOS.build/swift-overrides.hmap -Xcc -iquote -Xcc /Users/runner/work/TPMSinoiOS/TPMSinoiOS/build/Build/Intermediates.noindex/TPMSinoiOS.build/Debug-iphonesimulator/TPMSinoiOS.build/TPMSinoiOS-generated-files.hmap -Xcc -I/Users/runner/work/TPMSinoiOS/TPMSinoiOS/build/Build/Intermediates.noindex/TPMSinoiOS.build/Debug-iphonesimulator/TPMSinoiOS.build/TPMSinoiOS-own-target-headers.hmap -Xcc -I/Users/runner/work/TPMSinoiOS/TPMSinoiOS/build/Build/Intermediates.noindex/TPMSinoiOS.build/Debug-iphonesimulator/TPMSinoiOS.build/TPMSinoiOS-all-target-headers.hmap -Xcc -iquote -Xcc /Users/runner/work/TPMSinoiOS/TPMSinoiOS/build/Build/Intermediates.noindex/TPMSinoiOS.build/Debug-iphonesimulator/TPMSinoiOS.build/TPMSinoiOS-project-headers.hmap -Xcc -I/Users/runner/work/TPMSinoiOS/TPMSinoiOS/build/Build/Products/Debug-iphonesimulator/include -Xcc -I/Users/runner/work/TPMSinoiOS/TPMSinoiOS/build/Build/Intermediates.noindex/TPMSinoiOS.build/Debug-iphonesimulator/TPMSinoiOS.build/DerivedSources-normal/arm64 -Xcc -I/Users/runner/work/TPMSinoiOS/TPMSinoiOS/build/Build/Intermediates.noindex/TPMSinoiOS.build/Debug-iphonesimulator/TPMSinoiOS.build/DerivedSources/arm64 -Xcc -I/Users/runner/work/TPMSinoiOS/TPMSinoiOS/build/Build/Intermediates.noindex/TPMSinoiOS.build/Debug-iphonesimulator/TPMSinoiOS.build/DerivedSources -Xcc -DDEBUG\=1 -no-auto-bridging-header-chaining -module-name TPMSinoiOS -frontend-parseable-output -disable-clang-spi -clang-target arm64-apple-ios26.5-simulator -target-sdk-version 26.5 -target-sdk-name iphonesimulator26.5 -in-process-plugin-server-path /Applications/Xcode_26.6.app/Contents/Developer/Toolchains/XcodeDefault.xctoolchain/usr/lib/swift/host/libSwiftInProcPluginServer.dylib -o /Users/runner/work/TPMSinoiOS/TPMSinoiOS/build/Build/Intermediates.noindex/TPMSinoiOS.build/Debug-iphonesimulator/TPMSinoiOS.build/Objects-normal/arm64/DashboardView.o -o /Users/runner/work/TPMSinoiOS/TPMSinoiOS/build/Build/Intermediates.noindex/TPMSinoiOS.build/Debug-iphonesimulator/TPMSinoiOS.build/Objects-normal/arm64/MainTabView.o -index-unit-output-path /TPMSinoiOS.build/Debug-iphonesimulator/TPMSinoiOS.build/Objects-normal/arm64/DashboardView.o -index-unit-output-path /TPMSinoiOS.build/Debug-iphonesimulator/TPMSinoiOS.build/Objects-normal/arm64/MainTabView.o -index-store-path /Users/runner/work/TPMSinoiOS/TPMSinoiOS/build/Index.noindex/DataStore -index-system-modules

SwiftCompile normal arm64 /Users/runner/work/TPMSinoiOS/TPMSinoiOS/TPMSinoiOS/Views/DashboardView.swift (in target 'TPMSinoiOS' from project 'TPMSinoiOS')
    cd /Users/runner/work/TPMSinoiOS/TPMSinoiOS
    
/Users/runner/work/TPMSinoiOS/TPMSinoiOS/TPMSinoiOS/Views/DashboardView.swift:148:14: error: 'bold' is only available in iOS 16.0 or newer
            .bold()
             ^
/Users/runner/work/TPMSinoiOS/TPMSinoiOS/TPMSinoiOS/Views/DashboardView.swift:148:14: note: add 'if #available' version check
            .bold()
             ^
/Users/runner/work/TPMSinoiOS/TPMSinoiOS/TPMSinoiOS/Views/DashboardView.swift:135:9: note: add '@available' attribute to enclosing property
    var body: some View {
        ^
/Users/runner/work/TPMSinoiOS/TPMSinoiOS/TPMSinoiOS/Views/DashboardView.swift:132:8: note: add '@available' attribute to enclosing struct
struct EngineeringDashboardView: View {
       ^

SwiftCompile normal arm64 /Users/runner/work/TPMSinoiOS/TPMSinoiOS/TPMSinoiOS/Views/MainTabView.swift (in target 'TPMSinoiOS' from project 'TPMSinoiOS')
    cd /Users/runner/work/TPMSinoiOS/TPMSinoiOS
    

SwiftCompile normal arm64 Compiling\ AnalyticsView.swift,\ BleConstants.swift,\ BleManager.swift /Users/runner/work/TPMSinoiOS/TPMSinoiOS/TPMSinoiOS/Views/AnalyticsView.swift /Users/runner/work/TPMSinoiOS/TPMSinoiOS/TPMSinoiOS/BLE/BleConstants.swift /Users/runner/work/TPMSinoiOS/TPMSinoiOS/TPMSinoiOS/BLE/BleManager.swift (in target 'TPMSinoiOS' from project 'TPMSinoiOS')
SwiftCompile normal arm64 /Users/runner/work/TPMSinoiOS/TPMSinoiOS/TPMSinoiOS/Views/AnalyticsView.swift (in target 'TPMSinoiOS' from project 'TPMSinoiOS')
    cd /Users/runner/work/TPMSinoiOS/TPMSinoiOS
    

SwiftCompile normal arm64 /Users/runner/work/TPMSinoiOS/TPMSinoiOS/TPMSinoiOS/BLE/BleConstants.swift (in target 'TPMSinoiOS' from project 'TPMSinoiOS')
    cd /Users/runner/work/TPMSinoiOS/TPMSinoiOS
    

SwiftCompile normal arm64 /Users/runner/work/TPMSinoiOS/TPMSinoiOS/TPMSinoiOS/BLE/BleManager.swift (in target 'TPMSinoiOS' from project 'TPMSinoiOS')
    cd /Users/runner/work/TPMSinoiOS/TPMSinoiOS
    

SwiftCompile normal arm64 Compiling\ TpmsViewModel.swift,\ GeneratedAssetSymbols.swift /Users/runner/work/TPMSinoiOS/TPMSinoiOS/TPMSinoiOS/ViewModels/TpmsViewModel.swift /Users/runner/work/TPMSinoiOS/TPMSinoiOS/build/Build/Intermediates.noindex/TPMSinoiOS.build/Debug-iphonesimulator/TPMSinoiOS.build/DerivedSources/GeneratedAssetSymbols.swift (in target 'TPMSinoiOS' from project 'TPMSinoiOS')

SwiftCompile normal arm64 /Users/runner/work/TPMSinoiOS/TPMSinoiOS/TPMSinoiOS/ViewModels/TpmsViewModel.swift (in target 'TPMSinoiOS' from project 'TPMSinoiOS')
    cd /Users/runner/work/TPMSinoiOS/TPMSinoiOS
    

SwiftCompile normal arm64 /Users/runner/work/TPMSinoiOS/TPMSinoiOS/build/Build/Intermediates.noindex/TPMSinoiOS.build/Debug-iphonesimulator/TPMSinoiOS.build/DerivedSources/GeneratedAssetSymbols.swift (in target 'TPMSinoiOS' from project 'TPMSinoiOS')
    cd /Users/runner/work/TPMSinoiOS/TPMSinoiOS
    

SwiftCompile normal arm64 Compiling\ SensorView.swift,\ SettingsView.swift /Users/runner/work/TPMSinoiOS/TPMSinoiOS/TPMSinoiOS/Views/SensorView.swift /Users/runner/work/TPMSinoiOS/TPMSinoiOS/TPMSinoiOS/Views/SettingsView.swift (in target 'TPMSinoiOS' from project 'TPMSinoiOS')

SwiftCompile normal arm64 /Users/runner/work/TPMSinoiOS/TPMSinoiOS/TPMSinoiOS/Views/SensorView.swift (in target 'TPMSinoiOS' from project 'TPMSinoiOS')
    cd /Users/runner/work/TPMSinoiOS/TPMSinoiOS
    

SwiftCompile normal arm64 /Users/runner/work/TPMSinoiOS/TPMSinoiOS/TPMSinoiOS/Views/SettingsView.swift (in target 'TPMSinoiOS' from project 'TPMSinoiOS')
    cd /Users/runner/work/TPMSinoiOS/TPMSinoiOS
    

SwiftDriverJobDiscovery normal arm64 Emitting module for TPMSinoiOS (in target 'TPMSinoiOS' from project 'TPMSinoiOS')

SwiftDriver\ Compilation\ Requirements TPMSinoiOS normal arm64 com.apple.xcode.tools.swift.compiler (in target 'TPMSinoiOS' from project 'TPMSinoiOS')
    cd /Users/runner/work/TPMSinoiOS/TPMSinoiOS
    builtin-Swift-Compilation-Requirements -- /Applications/Xcode_26.6.app/Contents/Developer/Toolchains/XcodeDefault.xctoolchain/usr/bin/swiftc -module-name TPMSinoiOS -Onone @/Users/runner/work/TPMSinoiOS/TPMSinoiOS/build/Build/Intermediates.noindex/TPMSinoiOS.build/Debug-iphonesimulator/TPMSinoiOS.build/Objects-normal/arm64/TPMSinoiOS.SwiftFileList -DDEBUG -enable-bare-slash-regex -enable-experimental-feature DebugDescriptionMacro -sdk /Applications/Xcode_26.6.app/Contents/Developer/Platforms/iPhoneSimulator.platform/Developer/SDKs/iPhoneSimulator26.5.sdk -target arm64-apple-ios15.0-simulator -g -module-cache-path /Users/runner/work/TPMSinoiOS/TPMSinoiOS/build/ModuleCache.noindex -Xfrontend -serialize-debugging-options -enable-testing -index-store-path /Users/runner/work/TPMSinoiOS/TPMSinoiOS/build/Index.noindex/DataStore -Xcc -D_LIBCPP_HARDENING_MODE\=_LIBCPP_HARDENING_MODE_DEBUG -swift-version 5 -I /Users/runner/work/TPMSinoiOS/TPMSinoiOS/build/Build/Products/Debug-iphonesimulator -F /Users/runner/work/TPMSinoiOS/TPMSinoiOS/build/Build/Products/Debug-iphonesimulator -c -j5 -enable-batch-mode -incremental -Xcc -ivfsstatcache -Xcc /Users/runner/work/TPMSinoiOS/TPMSinoiOS/build/SDKStatCaches.noindex/iphonesimulator26.5-23F81a-688ef53f1462e2c8f657fdc38a81448ff45c64a1807a658693f2a61704f17a36.sdkstatcache -output-file-map /Users/runner/work/TPMSinoiOS/TPMSinoiOS/build/Build/Intermediates.noindex/TPMSinoiOS.build/Debug-iphonesimulator/TPMSinoiOS.build/Objects-normal/arm64/TPMSinoiOS-OutputFileMap.json -use-frontend-parseable-output -save-temps -no-color-diagnostics -explicit-module-build -module-cache-path /Users/runner/work/TPMSinoiOS/TPMSinoiOS/build/Build/Intermediates.noindex/SwiftExplicitPrecompiledModules -clang-scanner-module-cache-path /Users/runner/work/TPMSinoiOS/TPMSinoiOS/build/ModuleCache.noindex -sdk-module-cache-path /Users/runner/work/TPMSinoiOS/TPMSinoiOS/build/ModuleCache.noindex -serialize-diagnostics -emit-dependencies -emit-module -emit-module-path /Users/runner/work/TPMSinoiOS/TPMSinoiOS/build/Build/Intermediates.noindex/TPMSinoiOS.build/Debug-iphonesimulator/TPMSinoiOS.build/Objects-normal/arm64/TPMSinoiOS.swiftmodule -validate-clang-modules-once -clang-build-session-file /Users/runner/work/TPMSinoiOS/TPMSinoiOS/build/ModuleCache.noindex/Session.modulevalidation -Xcc -I/Users/runner/work/TPMSinoiOS/TPMSinoiOS/build/Build/Intermediates.noindex/TPMSinoiOS.build/Debug-iphonesimulator/TPMSinoiOS.build/swift-overrides.hmap -emit-const-values -Xfrontend -const-gather-protocols-file -Xfrontend /Users/runner/work/TPMSinoiOS/TPMSinoiOS/build/Build/Intermediates.noindex/TPMSinoiOS.build/Debug-iphonesimulator/TPMSinoiOS.build/Objects-normal/arm64/TPMSinoiOS_const_extract_protocols.json -Xcc -iquote -Xcc /Users/runner/work/TPMSinoiOS/TPMSinoiOS/build/Build/Intermediates.noindex/TPMSinoiOS.build/Debug-iphonesimulator/TPMSinoiOS.build/TPMSinoiOS-generated-files.hmap -Xcc -I/Users/runner/work/TPMSinoiOS/TPMSinoiOS/build/Build/Intermediates.noindex/TPMSinoiOS.build/Debug-iphonesimulator/TPMSinoiOS.build/TPMSinoiOS-own-target-headers.hmap -Xcc -I/Users/runner/work/TPMSinoiOS/TPMSinoiOS/build/Build/Intermediates.noindex/TPMSinoiOS.build/Debug-iphonesimulator/TPMSinoiOS.build/TPMSinoiOS-all-target-headers.hmap -Xcc -iquote -Xcc /Users/runner/work/TPMSinoiOS/TPMSinoiOS/build/Build/Intermediates.noindex/TPMSinoiOS.build/Debug-iphonesimulator/TPMSinoiOS.build/TPMSinoiOS-project-headers.hmap -Xcc -I/Users/runner/work/TPMSinoiOS/TPMSinoiOS/build/Build/Products/Debug-iphonesimulator/include -Xcc -I/Users/runner/work/TPMSinoiOS/TPMSinoiOS/build/Build/Intermediates.noindex/TPMSinoiOS.build/Debug-iphonesimulator/TPMSinoiOS.build/DerivedSources-normal/arm64 -Xcc -I/Users/runner/work/TPMSinoiOS/TPMSinoiOS/build/Build/Intermediates.noindex/TPMSinoiOS.build/Debug-iphonesimulator/TPMSinoiOS.build/DerivedSources/arm64 -Xcc -I/Users/runner/work/TPMSinoiOS/TPMSinoiOS/build/Build/Intermediates.noindex/TPMSinoiOS.build/Debug-iphonesimulator/TPMSinoiOS.build/DerivedSources -Xcc -DDEBUG\=1 -emit-objc-header -emit-objc-header-path /Users/runner/work/TPMSinoiOS/TPMSinoiOS/build/Build/Intermediates.noindex/TPMSinoiOS.build/Debug-iphonesimulator/TPMSinoiOS.build/Objects-normal/arm64/TPMSinoiOS-Swift.h -working-directory /Users/runner/work/TPMSinoiOS/TPMSinoiOS -experimental-emit-module-separately -disable-cmo

** BUILD FAILED **


The following build commands failed:
	SwiftCompile normal arm64 Compiling\ DashboardView.swift,\ MainTabView.swift /Users/runner/work/TPMSinoiOS/TPMSinoiOS/TPMSinoiOS/Views/DashboardView.swift /Users/runner/work/TPMSinoiOS/TPMSinoiOS/TPMSinoiOS/Views/MainTabView.swift (in target 'TPMSinoiOS' from project 'TPMSinoiOS')
	SwiftCompile normal arm64 /Users/runner/work/TPMSinoiOS/TPMSinoiOS/TPMSinoiOS/Views/DashboardView.swift (in target 'TPMSinoiOS' from project 'TPMSinoiOS')
	Building project TPMSinoiOS with scheme TPMSinoiOS and configuration Debug
(3 failures)
